Building for debugging...
[Pre-planning 1 / 97]

*** Signal 11: Backtracing from 0x74fcb5ba196a... done ***

*** Program crashed: Bad pointer dereference at 0xffff8b034a49f720 ***

Platform: x86_64 Linux (Ubuntu 26.04.1 LTS)

Thread 2 "DispatchWorker" crashed:

0      0x000074fcb5ba196a _dispatch_event_loop_drain + 1130 in libdispatch.so
1 [ra] 0x000074fcb5b97022 _dispatch_mgr_invoke + 129 in libdispatch.so

Registers:

rip 0x000074fcb5ba196a

Backtrace took 19.41s

*** Signal 11: Backtracing from 0x59b740a1c3e2... done ***

*** Program crashed: Bad pointer dereference at 0x0000000000000018 ***

Platform: x86_64 Linux (Ubuntu 26.04.1 LTS)

Thread 0 "swift-build" crashed:

...

Registers:

rip 0x000059b740a1c3e2

Backtrace took 0.42s

0      0x000074fcb5ba196a _dispatch_event_loop_drain + 1130 in libdispatch.so
